// Jest Snapshot v1, https://goo.gl/fbAQLP

exports[`findAll should throw a Database error when db fails 1`] = `"Database error: Error"`;

exports[`findByEmail should handle a database error 1`] = `"Database error: Error: Error"`;

exports[`findById should handle a database error 1`] = `"Database error: Error: Error"`;

exports[`save should throw an error since auth attributes are not valid 1`] = `
"Auth not valid:
"
`;

exports[`save should throw an error when database throws an error 1`] = `"Database error: Error: Error"`;
